[    1857ms] [LOG] [Scenario2D] Engine loaded — 35 theme scenarios, parallax, particles, typewriter text, view bobbing @ http://localhost:8899/Traffic/scenario2d.js:1880
[    1968ms] [LOG] [Kid Mode] Initialized — simplified UI for children @ http://localhost:8899/Traffic/Driving.html?lv=1&mode=car:6859
[    2020ms] [LOG] SafeZoneGrid: Initialized @ http://localhost:8899/Traffic/safezone-ui.js:68
[    3023ms] [LOG] ThreePools: Initialized all pools @ http://localhost:8899/Traffic/pools.js:166
[    3024ms] [LOG] ThreePools: Initialized all pools @ http://localhost:8899/Traffic/pools.js:166
[    3051ms] [LOG] RenderCore: Auto-detecting hardware capabilities... @ http://localhost:8899/Traffic/render_core.js?v=2:155
[    3051ms] [LOG] RenderCore: Detected GPU: ANGLE (AMD, AMD Radeon (TM) Graphics (0x000015E7) Direct3D11 vs_5_0 ps_5_0, D3D11) @ http://localhost:8899/Traffic/render_core.js?v=2:163
[    3052ms] [LOG] RenderCore: CPU Cores: 12 @ http://localhost:8899/Traffic/render_core.js?v=2:178
[    3052ms] [LOG] RenderCore: Device Memory: 16GB @ http://localhost:8899/Traffic/render_core.js?v=2:185
[    3053ms] [LOG] RenderCore: Burn-in test: 0.05ms/frame @ http://localhost:8899/Traffic/render_core.js?v=2:192
[    3054ms] [LOG] RenderCore: Auto-detected quality: ULTRA (score: 5) @ http://localhost:8899/Traffic/render_core.js?v=2:207
[    3054ms] [LOG] RenderCore: Applying quality settings - Ultra Cinematic @ http://localhost:8899/Traffic/render_core.js?v=2:276
[    3055ms] [LOG] RenderCore: Quality set to ULTRA @ http://localhost:8899/Traffic/render_core.js?v=2:139
[    3193ms] [LOG] [Kid Mode] Game hooks installed @ http://localhost:8899/Traffic/Driving.html?lv=1&mode=car:6855
[    4252ms] [LOG] RenderCore: Applying quality settings - High Quality @ http://localhost:8899/Traffic/render_core.js?v=2:276
[    4253ms] [LOG] RenderCore: Quality set to HIGH @ http://localhost:8899/Traffic/render_core.js?v=2:139
[    4253ms] [LOG] RenderCore: Auto-downgraded to HIGH (frame budget exceeded) @ http://localhost:8899/Traffic/render_core.js?v=2:382
[    9818ms] TypeError: this._createVehicleMesh is not a function
    at TrafficManager._createVehicle (http://localhost:8899/Traffic/traffic-manager.js?v=6:318:18)
    at TrafficManager._spawnSingleVehicle (http://localhost:8899/Traffic/traffic-manager.js?v=6:195:26)
    at TrafficManager._spawnBatch (http://localhost:8899/Traffic/traffic-manager.js?v=6:180:12)
    at TrafficManager.spawnInitialTraffic (http://localhost:8899/Traffic/traffic-manager.js?v=6:160:10)
    at Game._buildScene (http://localhost:8899/Traffic/game_core.js?v=13:4295:31)
    at Game._actualStart (http://localhost:8899/Traffic/game_core.js?v=13:2397:14)
[   33461ms] [WARNING] [Driving] Canvas did not activate within 30s, redirecting to Academy @ http://localhost:8899/Traffic/Driving.html?lv=1&mode=car:37
[   34328ms] [LOG] [Scenario2D] Engine loaded — 35 theme scenarios, parallax, particles, typewriter text, view bobbing @ http://localhost:8899/Traffic/scenario2d.js:1880
[   34425ms] [LOG] SW registered:  http://localhost:8899/ @ http://localhost:8899/col-ui.js:149
[   34742ms] [WARNING] [GSI_LOGGER]: Your client application uses one of the Google One Tap prompt UI status methods that may stop functioning when FedCM becomes mandatory. Refer to the migration guide to update your code accordingly and opt-in to FedCM to test your changes. Learn more: https://developers.google.com/identity/gsi/web/guides/fedcm-migration?s=dc#display_moment and https://developers.google.com/identity/gsi/web/guides/fedcm-migration?s=dc#skipped_moment @ http://localhost:8899/Traffic/Academy.html?screen=levels:23
[   34752ms] [ERROR] Not signed in with the identity provider. @ http://localhost:8899/Traffic/Academy.html?screen=levels:0
[   47231ms] [ERROR] [GSI_LOGGER]: FedCM get() rejects with NetworkError: Error retrieving a token. @ https://accounts.google.com/gsi/client:87
[   47232ms] [LOG] One tap skipped:  unknown_reason @ http://localhost:8899/col-auth.js:123
