[    2140ms] [LOG] [Scenario2D] Engine loaded — 35 theme scenarios, parallax, particles, typewriter text, view bobbing @ http://localhost:8899/Traffic/scenario2d.js:1880
[    2262ms] [LOG] [Kid Mode] Initialized — simplified UI for children @ http://localhost:8899/Traffic/Driving.html?lv=1&mode=car:6885
[    2285ms] [LOG] SafeZoneGrid: Initialized @ http://localhost:8899/Traffic/safezone-ui.js?v=2:68
[    2334ms] [LOG] SW registered:  http://localhost:8899/ @ http://localhost:8899/col-ui.js:149
[    3530ms] [LOG] ThreePools: Initialized all pools @ http://localhost:8899/Traffic/pools.js:166
[    3532ms] [LOG] ThreePools: Initialized all pools @ http://localhost:8899/Traffic/pools.js:166
[    3594ms] [LOG] RenderCore: Auto-detecting hardware capabilities... @ http://localhost:8899/Traffic/render_core.js?v=2:155
[    3595ms] [LOG] RenderCore: Using saved quality preset from localStorage: HIGH @ http://localhost:8899/Traffic/render_core.js?v=2:158
[    3595ms] [LOG] RenderCore: Applying quality settings - High Quality @ http://localhost:8899/Traffic/render_core.js?v=2:282
[    3595ms] [LOG] RenderCore: Quality set to HIGH @ http://localhost:8899/Traffic/render_core.js?v=2:139
[    3796ms] [LOG] [Kid Mode] Game hooks installed @ http://localhost:8899/Traffic/Driving.html?lv=1&mode=car:6881
[    4992ms] [LOG] RenderCore: Applying quality settings - Balanced @ http://localhost:8899/Traffic/render_core.js?v=2:282
[    4992ms] [LOG] RenderCore: Quality set to MED @ http://localhost:8899/Traffic/render_core.js?v=2:139
[    4993ms] [LOG] RenderCore: Auto-downgraded to MED (frame budget exceeded) @ http://localhost:8899/Traffic/render_core.js?v=2:388
[    6354ms] [LOG] RenderCore: Applying quality settings - Performance mode @ http://localhost:8899/Traffic/render_core.js?v=2:282
[    6355ms] [LOG] RenderCore: Quality set to LOW @ http://localhost:8899/Traffic/render_core.js?v=2:139
[    6355ms] [LOG] RenderCore: Auto-downgraded to LOW (frame budget exceeded) @ http://localhost:8899/Traffic/render_core.js?v=2:388
[   10027ms] [LOG] RenderCore: Applying quality settings - Balanced @ http://localhost:8899/Traffic/render_core.js?v=2:282
[   10028ms] [LOG] RenderCore: Quality set to MED @ http://localhost:8899/Traffic/render_core.js?v=2:139
[   10028ms] [LOG] RenderCore: Auto-upgraded to MED (frame budget healthy) @ http://localhost:8899/Traffic/render_core.js?v=2:397
[   12155ms] [LOG] RenderCore: Applying quality settings - Performance mode @ http://localhost:8899/Traffic/render_core.js?v=2:282
[   12155ms] [LOG] RenderCore: Quality set to LOW @ http://localhost:8899/Traffic/render_core.js?v=2:139
[   12156ms] [LOG] RenderCore: Auto-downgraded to LOW (frame budget exceeded) @ http://localhost:8899/Traffic/render_core.js?v=2:388
[   14184ms] [LOG] RenderCore: Applying quality settings - Balanced @ http://localhost:8899/Traffic/render_core.js?v=2:282
[   14184ms] [LOG] RenderCore: Quality set to MED @ http://localhost:8899/Traffic/render_core.js?v=2:139
[   14184ms] [LOG] RenderCore: Auto-upgraded to MED (frame budget healthy) @ http://localhost:8899/Traffic/render_core.js?v=2:397
[   26199ms] [LOG] RenderCore: Applying quality settings - Performance mode @ http://localhost:8899/Traffic/render_core.js?v=2:282
[   26199ms] [LOG] RenderCore: Quality set to LOW @ http://localhost:8899/Traffic/render_core.js?v=2:139
[   26199ms] [LOG] RenderCore: Auto-downgraded to LOW (frame budget exceeded) @ http://localhost:8899/Traffic/render_core.js?v=2:388
[   30263ms] [LOG] RenderCore: Applying quality settings - Balanced @ http://localhost:8899/Traffic/render_core.js?v=2:282
[   30263ms] [LOG] RenderCore: Quality set to MED @ http://localhost:8899/Traffic/render_core.js?v=2:139
[   30263ms] [LOG] RenderCore: Auto-upgraded to MED (frame budget healthy) @ http://localhost:8899/Traffic/render_core.js?v=2:397
[   33378ms] [LOG] RenderCore: Applying quality settings - Performance mode @ http://localhost:8899/Traffic/render_core.js?v=2:282
[   33379ms] [LOG] RenderCore: Quality set to LOW @ http://localhost:8899/Traffic/render_core.js?v=2:139
[   33379ms] [LOG] RenderCore: Auto-downgraded to LOW (frame budget exceeded) @ http://localhost:8899/Traffic/render_core.js?v=2:388
[   36944ms] [LOG] RenderCore: Applying quality settings - Balanced @ http://localhost:8899/Traffic/render_core.js?v=2:282
[   36944ms] [LOG] RenderCore: Quality set to MED @ http://localhost:8899/Traffic/render_core.js?v=2:139
[   36944ms] [LOG] RenderCore: Auto-upgraded to MED (frame budget healthy) @ http://localhost:8899/Traffic/render_core.js?v=2:397
[   37096ms] [LOG] RenderCore: Applying quality settings - Ultra Cinematic @ http://localhost:8899/Traffic/render_core.js?v=2:282
[   37096ms] [LOG] RenderCore: Quality set to ULTRA @ http://localhost:8899/Traffic/render_core.js?v=2:139
[   38070ms] [LOG] RenderCore: Applying quality settings - High Quality @ http://localhost:8899/Traffic/render_core.js?v=2:282
[   38070ms] [LOG] RenderCore: Quality set to HIGH @ http://localhost:8899/Traffic/render_core.js?v=2:139
[   39641ms] [LOG] RenderCore: Applying quality settings - Balanced @ http://localhost:8899/Traffic/render_core.js?v=2:282
[   39641ms] [LOG] RenderCore: Quality set to MED @ http://localhost:8899/Traffic/render_core.js?v=2:139
[   39641ms] [LOG] RenderCore: Auto-downgraded to MED (frame budget exceeded) @ http://localhost:8899/Traffic/render_core.js?v=2:388
[   39810ms] [LOG] RenderCore: Applying quality settings - Ultra Cinematic @ http://localhost:8899/Traffic/render_core.js?v=2:282
[   39810ms] [LOG] RenderCore: Quality set to ULTRA @ http://localhost:8899/Traffic/render_core.js?v=2:139
[   41039ms] [LOG] RenderCore: Applying quality settings - High Quality @ http://localhost:8899/Traffic/render_core.js?v=2:282
[   41039ms] [LOG] RenderCore: Quality set to HIGH @ http://localhost:8899/Traffic/render_core.js?v=2:139
[   41039ms] [LOG] RenderCore: Auto-downgraded to HIGH (frame budget exceeded) @ http://localhost:8899/Traffic/render_core.js?v=2:388
[   42256ms] [LOG] RenderCore: Applying quality settings - Balanced @ http://localhost:8899/Traffic/render_core.js?v=2:282
[   42256ms] [LOG] RenderCore: Quality set to MED @ http://localhost:8899/Traffic/render_core.js?v=2:139
[   42256ms] [LOG] RenderCore: Auto-downgraded to MED (frame budget exceeded) @ http://localhost:8899/Traffic/render_core.js?v=2:388
[   45659ms] [LOG] RenderCore: Applying quality settings - Performance mode @ http://localhost:8899/Traffic/render_core.js?v=2:282
[   45660ms] [LOG] RenderCore: Quality set to LOW @ http://localhost:8899/Traffic/render_core.js?v=2:139
[   45660ms] [LOG] RenderCore: Auto-downgraded to LOW (frame budget exceeded) @ http://localhost:8899/Traffic/render_core.js?v=2:388
[   49813ms] [LOG] RenderCore: Applying quality settings - Balanced @ http://localhost:8899/Traffic/render_core.js?v=2:282
[   49813ms] [LOG] RenderCore: Quality set to MED @ http://localhost:8899/Traffic/render_core.js?v=2:139
[   49813ms] [LOG] RenderCore: Auto-upgraded to MED (frame budget healthy) @ http://localhost:8899/Traffic/render_core.js?v=2:397
[   52528ms] [LOG] RenderCore: Applying quality settings - Performance mode @ http://localhost:8899/Traffic/render_core.js?v=2:282
[   52528ms] [LOG] RenderCore: Quality set to LOW @ http://localhost:8899/Traffic/render_core.js?v=2:139
[   52529ms] [LOG] RenderCore: Auto-downgraded to LOW (frame budget exceeded) @ http://localhost:8899/Traffic/render_core.js?v=2:388
[   85096ms] [LOG] RenderCore: Applying quality settings - Balanced @ http://localhost:8899/Traffic/render_core.js?v=2:282
[   85096ms] [LOG] RenderCore: Quality set to MED @ http://localhost:8899/Traffic/render_core.js?v=2:139
[   85096ms] [LOG] RenderCore: Auto-upgraded to MED (frame budget healthy) @ http://localhost:8899/Traffic/render_core.js?v=2:397
[   97967ms] [LOG] RenderCore: Applying quality settings - Performance mode @ http://localhost:8899/Traffic/render_core.js?v=2:282
[   97967ms] [LOG] RenderCore: Quality set to LOW @ http://localhost:8899/Traffic/render_core.js?v=2:139
[   97968ms] [LOG] RenderCore: Auto-downgraded to LOW (frame budget exceeded) @ http://localhost:8899/Traffic/render_core.js?v=2:388
[  205260ms] [LOG] [Scenario2D] Engine loaded — 35 theme scenarios, parallax, particles, typewriter text, view bobbing @ http://localhost:8899/Traffic/scenario2d.js:1880
[  205389ms] [LOG] [Kid Mode] Initialized — simplified UI for children @ http://localhost:8899/Traffic/Driving.html?lv=1&mode=car:6885
[  205413ms] [LOG] SafeZoneGrid: Initialized @ http://localhost:8899/Traffic/safezone-ui.js?v=2:68
[  205469ms] [LOG] SW registered:  http://localhost:8899/ @ http://localhost:8899/col-ui.js:149
[  206605ms] [LOG] ThreePools: Initialized all pools @ http://localhost:8899/Traffic/pools.js:166
[  206607ms] [LOG] ThreePools: Initialized all pools @ http://localhost:8899/Traffic/pools.js:166
[  206768ms] [LOG] RenderCore: Auto-detecting hardware capabilities... @ http://localhost:8899/Traffic/render_core.js?v=2:155
[  206768ms] [LOG] RenderCore: Using saved quality preset from localStorage: ULTRA @ http://localhost:8899/Traffic/render_core.js?v=2:158
[  206768ms] [LOG] RenderCore: Applying quality settings - Ultra Cinematic @ http://localhost:8899/Traffic/render_core.js?v=2:282
[  206769ms] [LOG] RenderCore: Quality set to ULTRA @ http://localhost:8899/Traffic/render_core.js?v=2:139
[  207006ms] [LOG] [Kid Mode] Game hooks installed @ http://localhost:8899/Traffic/Driving.html?lv=1&mode=car:6881
[  207235ms] [WARNING] Failed to execute 'requestFullscreen' on 'Element': API can only be initiated by a user gesture. @ http://localhost:8899/Traffic/Driving.html?lv=1&mode=car:0
[  208049ms] [LOG] RenderCore: Applying quality settings - High Quality @ http://localhost:8899/Traffic/render_core.js?v=2:282
[  208050ms] [LOG] RenderCore: Quality set to HIGH @ http://localhost:8899/Traffic/render_core.js?v=2:139
[  208050ms] [LOG] RenderCore: Auto-downgraded to HIGH (frame budget exceeded) @ http://localhost:8899/Traffic/render_core.js?v=2:388
[  215541ms] [LOG] RenderCore: Applying quality settings - Balanced @ http://localhost:8899/Traffic/render_core.js?v=2:282
[  215542ms] [LOG] RenderCore: Quality set to MED @ http://localhost:8899/Traffic/render_core.js?v=2:139
[  215542ms] [LOG] RenderCore: Auto-downgraded to MED (frame budget exceeded) @ http://localhost:8899/Traffic/render_core.js?v=2:388
[  219961ms] [LOG] [Scenario2D] Engine loaded — 35 theme scenarios, parallax, particles, typewriter text, view bobbing @ http://localhost:8899/Traffic/scenario2d.js:1880
[  220095ms] [LOG] [Kid Mode] Initialized — simplified UI for children @ http://localhost:8899/Traffic/Driving.html?lv=1&mode=car:6885
[  220111ms] [LOG] SafeZoneGrid: Initialized @ http://localhost:8899/Traffic/safezone-ui.js?v=2:68
[  220163ms] [LOG] SW registered:  http://localhost:8899/ @ http://localhost:8899/col-ui.js:149
[  221374ms] [LOG] ThreePools: Initialized all pools @ http://localhost:8899/Traffic/pools.js:166
[  221377ms] [LOG] ThreePools: Initialized all pools @ http://localhost:8899/Traffic/pools.js:166
[  221420ms] [LOG] RenderCore: Auto-detecting hardware capabilities... @ http://localhost:8899/Traffic/render_core.js?v=2:155
[  221420ms] [LOG] RenderCore: Using saved quality preset from localStorage: ULTRA @ http://localhost:8899/Traffic/render_core.js?v=2:158
[  221420ms] [LOG] RenderCore: Applying quality settings - Ultra Cinematic @ http://localhost:8899/Traffic/render_core.js?v=2:282
[  221421ms] [LOG] RenderCore: Quality set to ULTRA @ http://localhost:8899/Traffic/render_core.js?v=2:139
[  221579ms] [LOG] [Kid Mode] Game hooks installed @ http://localhost:8899/Traffic/Driving.html?lv=1&mode=car:6881
[  221793ms] [WARNING] Failed to execute 'requestFullscreen' on 'Element': API can only be initiated by a user gesture. @ http://localhost:8899/Traffic/Driving.html?lv=1&mode=car:0
[  222636ms] [LOG] RenderCore: Applying quality settings - High Quality @ http://localhost:8899/Traffic/render_core.js?v=2:282
[  222637ms] [LOG] RenderCore: Quality set to HIGH @ http://localhost:8899/Traffic/render_core.js?v=2:139
[  222637ms] [LOG] RenderCore: Auto-downgraded to HIGH (frame budget exceeded) @ http://localhost:8899/Traffic/render_core.js?v=2:388
[  230209ms] [LOG] RenderCore: Applying quality settings - Balanced @ http://localhost:8899/Traffic/render_core.js?v=2:282
[  230210ms] [LOG] RenderCore: Quality set to MED @ http://localhost:8899/Traffic/render_core.js?v=2:139
[  230210ms] [LOG] RenderCore: Auto-downgraded to MED (frame budget exceeded) @ http://localhost:8899/Traffic/render_core.js?v=2:388
[  231636ms] [LOG] RenderCore: Applying quality settings - Performance mode @ http://localhost:8899/Traffic/render_core.js?v=2:282
[  231636ms] [LOG] RenderCore: Quality set to LOW @ http://localhost:8899/Traffic/render_core.js?v=2:139
[  231637ms] [LOG] RenderCore: Auto-downgraded to LOW (frame budget exceeded) @ http://localhost:8899/Traffic/render_core.js?v=2:388
[  239729ms] ReferenceError: SPAWN_RADIUS is not defined
    at http://localhost:8899/Traffic/traffic-manager.js?v=8:495:68
    at Array.filter (<anonymous>)
    at TrafficManager._spawnCandidateEdges (http://localhost:8899/Traffic/traffic-manager.js?v=8:495:22)
    at TrafficManager._findSpawnPoint (http://localhost:8899/Traffic/traffic-manager.js?v=8:452:31)
    at TrafficManager._spawnSingleVehicle (http://localhost:8899/Traffic/traffic-manager.js?v=8:218:29)
    at TrafficManager._spawnBatch (http://localhost:8899/Traffic/traffic-manager.js?v=8:184:12)
    at TrafficManager._updateDensity (http://localhost:8899/Traffic/traffic-manager.js?v=8:107:14)
    at TrafficManager.update (http://localhost:8899/Traffic/traffic-manager.js?v=8:74:10)
    at Game._unpcs (http://localhost:8899/Traffic/game_core.js?v=15:6172:31)
    at Game._loop (http://localhost:8899/Traffic/game_core.js?v=15:5149:48)
